
> my-v0-project@0.1.0 test
> playwright test


Running 80 tests using 4 workers

  ✓   4 [chromium] › e2e/booking-flow.spec.ts:4:7 › Homepage and Navigation › should load homepage with 200 OK status (1.4s)
  ✓   3 [chromium] › e2e/booking-flow.spec.ts:31:7 › Homepage and Navigation › should navigate to services from navigation menu (1.5s)
  ✓   1 [chromium] › e2e/booking-flow.spec.ts:21:7 › Homepage and Navigation › should have working Inquire button in contact section (1.7s)
  ✓   7 [chromium] › e2e/booking-flow.spec.ts:60:7 › Services Page Buttons › should load services page (503ms)
  ✓   5 [chromium] › e2e/booking-flow.spec.ts:40:7 › Homepage and Navigation › should navigate to gallery from navigation menu (848ms)
  ✘   8 [chromium] › e2e/booking-flow.spec.ts:66:7 › Services Page Buttons › should have Book Appointment buttons on services page (1.5s)
  ✘   9 [chromium] › e2e/booking-flow.spec.ts:76:7 › Services Page Buttons › should navigate when Book Appointment button is clicked (4.9s)
  ✘  10 [chromium] › e2e/mobile-responsiveness.spec.ts:5:9 › Mobile Responsiveness › Navigation › should show hamburger menu on mobile (2.8s)
  ✘   6 [chromium] › e2e/booking-flow.spec.ts:49:7 › Homepage and Navigation › should navigate to about from navigation menu (5.8s)
  ✘   2 [chromium] › e2e/booking-flow.spec.ts:10:7 › Homepage and Navigation › should have working Book Now button in hero section (7.4s)


  1) [chromium] › e2e/booking-flow.spec.ts:66:7 › Services Page Buttons › should have Book Appointment buttons on services page 

    Error: [2mexpect([22m[31mreceived[39m[2m).[22mtoBeGreaterThan[2m([22m[32mexpected[39m[2m)[22m

    Expected: > [32m0[39m
    Received:   [31m0[39m

      71 |
      72 |     const count = await bookButtons.count();
    > 73 |     expect(count).toBeGreaterThan(0);
         |                   ^
      74 |   });
      75 |
      76 |   test("should navigate when Book Appointment button is clicked", async ({ page }) => {
        at /Users/marcogarcia/GithubProjects/v0-lash-artist-landing-page/e2e/booking-flow.spec.ts:73:19

    attachment #1: screenshot (image/png) ──────────────────────────────────────────────────────────
    test-results/booking-flow-Services-Page-7991b-nt-buttons-on-services-page-chromium/test-failed-1.png
    ────────────────────────────────────────────────────────────────────────────────────────────────

    attachment #2: video (video/webm) ──────────────────────────────────────────────────────────────
    test-results/booking-flow-Services-Page-7991b-nt-buttons-on-services-page-chromium/video.webm
    ────────────────────────────────────────────────────────────────────────────────────────────────

    Error Context: test-results/booking-flow-Services-Page-7991b-nt-buttons-on-services-page-chromium/error-context.md

  2) [chromium] › e2e/booking-flow.spec.ts:10:7 › Homepage and Navigation › should have working Book Now button in hero section 

    Test was interrupted.

    Error: [2mexpect([22m[31mpage[39m[2m).[22mtoHaveURL[2m([22m[32mexpected[39m[2m)[22m failed

    Expected pattern: [32m/.*services.*|.*book.*/[39m
    Received string:  [31m"http://localhost:3000/"[39m

    Call log:
    [2m  - Expect "toHaveURL" with timeout 10000ms[22m
    [2m    9 × unexpected value "http://localhost:3000/"[22m


      15 |     if (await bookNowButton.isVisible()) {
      16 |       await bookNowButton.click();
    > 17 |       await expect(page).toHaveURL(/.*services.*|.*book.*/);
         |                          ^
      18 |     }
      19 |   });
      20 |
        at /Users/marcogarcia/GithubProjects/v0-lash-artist-landing-page/e2e/booking-flow.spec.ts:17:26

    attachment #1: screenshot (image/png) ──────────────────────────────────────────────────────────
    test-results/booking-flow-Homepage-and--92055--Now-button-in-hero-section-chromium/test-failed-2.png
    ────────────────────────────────────────────────────────────────────────────────────────────────

    attachment #2: screenshot (image/png) ──────────────────────────────────────────────────────────
    test-results/booking-flow-Homepage-and--92055--Now-button-in-hero-section-chromium/test-failed-1.png
    ────────────────────────────────────────────────────────────────────────────────────────────────

    attachment #3: video (video/webm) ──────────────────────────────────────────────────────────────
    test-results/booking-flow-Homepage-and--92055--Now-button-in-hero-section-chromium/video-1.webm
    ────────────────────────────────────────────────────────────────────────────────────────────────

    attachment #4: video (video/webm) ──────────────────────────────────────────────────────────────
    test-results/booking-flow-Homepage-and--92055--Now-button-in-hero-section-chromium/video.webm
    ────────────────────────────────────────────────────────────────────────────────────────────────

  3) [chromium] › e2e/booking-flow.spec.ts:49:7 › Homepage and Navigation › should navigate to about from navigation menu 

    Test was interrupted.

    Error: locator.click: Test ended.
    Call log:
    [2m  - waiting for getByRole('link', { name: /about/i }).first()[22m


      51 |
      52 |     const aboutLink = page.getByRole("link", { name: /about/i }).first();
    > 53 |     await aboutLink.click();
         |                     ^
      54 |
      55 |     await expect(page).toHaveURL(/.*about.*/);
      56 |   });
        at /Users/marcogarcia/GithubProjects/v0-lash-artist-landing-page/e2e/booking-flow.spec.ts:53:21

    attachment #1: screenshot (image/png) ──────────────────────────────────────────────────────────
    test-results/booking-flow-Homepage-and--d3c21--about-from-navigation-menu-chromium/test-failed-1.png
    ────────────────────────────────────────────────────────────────────────────────────────────────

    attachment #2: video (video/webm) ──────────────────────────────────────────────────────────────
    test-results/booking-flow-Homepage-and--d3c21--about-from-navigation-menu-chromium/video.webm
    ────────────────────────────────────────────────────────────────────────────────────────────────

  4) [chromium] › e2e/booking-flow.spec.ts:76:7 › Services Page Buttons › should navigate when Book Appointment button is clicked 

    Test was interrupted.

    Error: locator.click: Test ended.
    Call log:
    [2m  - waiting for getByRole('button', { name: /book appointment/i }).first()[22m


      79 |
      80 |     const bookButton = page.getByRole("button", { name: /book appointment/i }).first();
    > 81 |     await bookButton.click();
         |                      ^
      82 |
      83 |     await page.waitForLoadState("networkidle");
      84 |   });
        at /Users/marcogarcia/GithubProjects/v0-lash-artist-landing-page/e2e/booking-flow.spec.ts:81:22

    attachment #1: screenshot (image/png) ──────────────────────────────────────────────────────────
    test-results/booking-flow-Services-Page-1f003-pointment-button-is-clicked-chromium/test-failed-1.png
    ────────────────────────────────────────────────────────────────────────────────────────────────

    attachment #2: video (video/webm) ──────────────────────────────────────────────────────────────
    test-results/booking-flow-Services-Page-1f003-pointment-button-is-clicked-chromium/video.webm
    ────────────────────────────────────────────────────────────────────────────────────────────────

  5) [chromium] › e2e/mobile-responsiveness.spec.ts:5:9 › Mobile Responsiveness › Navigation › should show hamburger menu on mobile 

    Test was interrupted.

    Error: [2mexpect([22m[31mlocator[39m[2m).[22mtoBeVisible[2m([22m[2m)[22m failed

    Locator: getByRole('button', { name: /menu|toggle/i })
    Expected: visible
    Error: element(s) not found

    Call log:
    [2m  - Expect "toBeVisible" with timeout 10000ms[22m
    [2m  - waiting for getByRole('button', { name: /menu|toggle/i })[22m


       7 |
       8 |       const hamburger = page.getByRole("button", { name: /menu|toggle/i });
    >  9 |       await expect(hamburger).toBeVisible();
         |                               ^
      10 |     });
      11 |
      12 |     test("should open mobile menu when hamburger is clicked", async ({ page }) => {
        at /Users/marcogarcia/GithubProjects/v0-lash-artist-landing-page/e2e/mobile-responsiveness.spec.ts:9:31

    attachment #1: screenshot (image/png) ──────────────────────────────────────────────────────────
    test-results/mobile-responsiveness-Mobi-9ffd9-ow-hamburger-menu-on-mobile-chromium/test-failed-1.png
    ────────────────────────────────────────────────────────────────────────────────────────────────

    attachment #2: video (video/webm) ──────────────────────────────────────────────────────────────
    test-results/mobile-responsiveness-Mobi-9ffd9-ow-hamburger-menu-on-mobile-chromium/video.webm
    ────────────────────────────────────────────────────────────────────────────────────────────────

  1 failed
    [chromium] › e2e/booking-flow.spec.ts:66:7 › Services Page Buttons › should have Book Appointment buttons on services page 
  4 interrupted
    [chromium] › e2e/booking-flow.spec.ts:10:7 › Homepage and Navigation › should have working Book Now button in hero section 
    [chromium] › e2e/booking-flow.spec.ts:49:7 › Homepage and Navigation › should navigate to about from navigation menu 
    [chromium] › e2e/booking-flow.spec.ts:76:7 › Services Page Buttons › should navigate when Book Appointment button is clicked 
    [chromium] › e2e/mobile-responsiveness.spec.ts:5:9 › Mobile Responsiveness › Navigation › should show hamburger menu on mobile 
  70 did not run
  5 passed (8.5s)

To open last HTML report run:
[36m[39m
[36m  npx playwright show-report[39m
[36m[39m
